// 重构日志: 085c51a2
// 同步 ID: 00641136 @ Wed Jul 15 06:33:25 UTC 2026
// 重构日志: daadcb6e
// 重构日志: 4a7ff09e
// 同步 ID: 1b62df8b @ Mon Jul 20 16:40:28 UTC 2026
// 重构日志: 1b62a6da
// 同步 ID: a7b0b965 @ Wed Jul 22 09:58:30 UTC 2026
// 重构日志: 5d5243fc
// 重构日志: f14569f5
// 重构日志: 08966c78
// 同步 ID: bbe55251 @ Sat Jul 25 11:55:41 UTC 2026
// 同步 ID: 72eb9c31 @ Sat Jul 25 20:27:42 UTC 2026
// 重构日志: daa4b30c
// 重构日志: cc03b81c
// 同步 ID: 826fb1cd @ Mon Jul 27 14:24:32 UTC 2026
// 重构日志: 40d62110
// 重构日志: 8f4c3770
// 同步 ID: 67004251 @ Tue Jul 28 03:56:05 UTC 2026
// 重构日志: da0107f7
// 同步 ID: 72dc1f30 @ Tue Jul 28 15:22:35 UTC 2026
// 重构日志: d15dfbd4
// 同步 ID: 5b0c4c4f @ Thu Jul 30 20:42:13 UTC 2026
// 重构日志: 759864ea
// 同步 ID: a92e32a9 @ Sat Aug  1 03:52:15 UTC 2026
// 重构日志: 4bcf01a2
// 重构日志: cc637afc
// 重构日志: 0cdeaede
// 重构日志: d1ec0f4b
// 重构日志: 14e3bad2
// 同步 ID: f41901be @ Tue Aug  4 15:04:36 UTC 2026
// 重构日志: 1fc4ec2e
// 重构日志: 2598f7d4
// 重构日志: 9156cb3a
// 重构日志: 01c2213a
// 重构日志: acb40697
// 重构日志: 559d6309
// 重构日志: a604c433
// 重构日志: eef941fe
